login as: sample-komali
sample-komali@10.100.30.77's password:
Last login: Thu Nov 11 16:07:53 2021 from lucy.sirsidynix.com

       __|  __|_  )
       _|  (     /   Amazon Linux 2 AMI
      ___|\___|___|

https://aws.amazon.com/amazon-linux-2/
3 package(s) needed for security, out of 18 available
Run "sudo yum update" to apply all updates.
[sample-komali@ip-10-100-30-77 vhosts-sample]$ cd sample.cartrade.com/httpdocs/
[sample-komali@ip-10-100-30-77 httpdocs]$ mkdir forms
[sample-komali@ip-10-100-30-77 httpdocs]$ cd forms
[sample-komali@ip-10-100-30-77 forms]$ git init
hint: Using 'master' as the name for the initial branch. This default branch nam                       e
hint: is subject to change. To configure the initial branch name to use in all
hint: of your new repositories, which will suppress this warning, call:
hint:
hint:   git config --global init.defaultBranch <name>
hint:
hint: Names commonly chosen instead of 'master' are 'main', 'trunk' and
hint: 'development'. The just-created branch can be renamed via this command:
hint:
hint:   git branch -m <name>
Initialized empty Git repository in /data/vhosts-sample/sample.cartrade.com/http                       docs/forms/.git/
[sample-komali@ip-10-100-30-77 forms]$ git remote add origin
usage: git remote add [<options>] <name> <url>

    -f, --fetch           fetch the remote branches
    --tags                import all tags and associated objects when fetching
                          or do not fetch any tag at all (--no-tags)
    -t, --track <branch>  branch(es) to track
    -m, --master <branch>
                          master branch
    --mirror[=(push|fetch)]
                          set up remote as a mirror to push to or fetch from

[sample-komali@ip-10-100-30-77 forms]$ git remote add origin
usage: git remote add [<options>] <name> <url>

    -f, --fetch           fetch the remote branches
    --tags                import all tags and associated objects when fetching
                          or do not fetch any tag at all (--no-tags)
    -t, --track <branch>  branch(es) to track
    -m, --master <branch>
                          master branch
    --mirror[=(push|fetch)]
                          set up remote as a mirror to push to or fetch from

[sample-komali@ip-10-100-30-77 forms]$ git remote add origin
usage: git remote add [<options>] <name> <url>

    -f, --fetch           fetch the remote branches
    --tags                import all tags and associated objects when fetching
                          or do not fetch any tag at all (--no-tags)
    -t, --track <branch>  branch(es) to track
    -m, --master <branch>
                          master branch
    --mirror[=(push|fetch)]
                          set up remote as a mirror to push to or fetch from

[sample-komali@ip-10-100-30-77 forms]$ git remote add origin https://github.com/ct-saikiran/form_with_i
[sample-komali@ip-10-100-30-77 forms]$ git pull origin neew
Username for 'https://github.com': ct-komalikumari
Password for 'https://ct-komalikumari@github.com':
remote: Enumerating objects: 63, done.
remote: Counting objects: 100% (63/63), done.
remote: Compressing objects: 100% (32/32), done.
remote: Total 63 (delta 31), reused 63 (delta 31), pack-reused 0
Unpacking objects: 100% (63/63), 1.69 MiB | 6.23 MiB/s, done.
From https://github.com/ct-saikiran/form_with_images
 * branch            neew       -> FETCH_HEAD
 * [new branch]      neew       -> origin/neew
[sample-komali@ip-10-100-30-77 forms]$ git checkout -b newforms
Switched to a new branch 'newforms'
[sample-komali@ip-10-100-30-77 forms]$ vi newkomali.php
[sample-komali@ip-10-100-30-77 forms]$ pwd
/data/vhosts-sample/sample.cartrade.com/httpdocs/forms
[sample-komali@ip-10-100-30-77 forms]$ sa
couldn't open file '/var/account/pacct': Permission denied
[sample-komali@ip-10-100-30-77 forms]$ git status
On branch newforms
Untracked files:
  (use "git add <file>..." to include in what will be committed)
        newkomali.php

nothing added to commit but untracked files present (use "git add" to track)
[sample-komali@ip-10-100-30-77 forms]$ git add --all
[sample-komali@ip-10-100-30-77 forms]$ git commit
Author identity unknown

*** Please tell me who you are.

Run

  git config --global user.email "you@example.com"
  git config --global user.name "Your Name"

to set your account's default identity.
Omit --global to set the identity only in this repository.

fatal: empty ident name (for <sample-komali@ip-10-100-30-77.ap-south-1.compute.internal>) not allowed
[sample-komali@ip-10-100-30-77 forms]$ ^C
[sample-komali@ip-10-100-30-77 forms]$ git config --global user.email ct-komalikumari
[sample-komali@ip-10-100-30-77 forms]$ ^C
[sample-komali@ip-10-100-30-77 forms]$ git config --global user.email 'komali.kumari@cartrade.com'
[sample-komali@ip-10-100-30-77 forms]$ ^C
[sample-komali@ip-10-100-30-77 forms]$ git config --global user.name 'ct-komalikumari'
[sample-komali@ip-10-100-30-77 forms]$ ^C
[sample-komali@ip-10-100-30-77 forms]$ git commit
[newforms 75d7f0c]  form changed
 1 file changed, 1 insertion(+)
 create mode 100644 newkomali.php
[sample-komali@ip-10-100-30-77 forms]$ git push origin newforms
Username for 'https://github.com': ct-komalikumari
Password for 'https://ct-komalikumari@github.com':
Enumerating objects: 4, done.
Counting objects: 100% (4/4), done.
Delta compression using up to 2 threads
Compressing objects: 100% (2/2), done.
Writing objects: 100% (3/3), 299 bytes | 299.00 KiB/s, done.
Total 3 (delta 1), reused 0 (delta 0), pack-reused 0
remote: Resolving deltas: 100% (1/1), completed with 1 local object.
remote:
remote: Create a pull request for 'newforms' on GitHub by visiting:
remote:      https://github.com/ct-saikiran/form_with_images/pull/new/newforms
remote:
To https://github.com/ct-saikiran/form_with_images.git
 * [new branch]      newforms -> newforms
[sample-komali@ip-10-100-30-77 forms]$




////////////////////////////////////////////////////////////////////
New

MXC@DESKTOP-D3EU5C7 MINGW64 ~/Desktop/demoproject (master)
$ git add test.txt
warning: in the working copy of 'test.txt', LF will be replaced by CRLF the next time Git touches it

MXC@DESKTOP-D3EU5C7 MINGW64 ~/Desktop/demoproject (master)
$ git commit -m "tested"
[master (root-commit) b11f489] tested
 1 file changed, 2 insertions(+)
 create mode 100644 test.txt

MXC@DESKTOP-D3EU5C7 MINGW64 ~/Desktop/demoproject (master)
$ git branch main

MXC@DESKTOP-D3EU5C7 MINGW64 ~/Desktop/demoproject (master)
$ git branch --list
  main
* master

MXC@DESKTOP-D3EU5C7 MINGW64 ~/Desktop/demoproject (master)
$ git checkout main
Switched to branch 'main'

MXC@DESKTOP-D3EU5C7 MINGW64 ~/Desktop/demoproject (main)
$ git remote add origin git@github.com:ct-komalikumari/newbranch.git
error: remote origin already exists.

MXC@DESKTOP-D3EU5C7 MINGW64 ~/Desktop/demoproject (main)
$ git remote add origin1 https://github.com/ct-komalikumari/newbranch.git

MXC@DESKTOP-D3EU5C7 MINGW64 ~/Desktop/demoproject (main)
$ git push -u origin1 main
info: please complete authentication in your browser...
Enumerating objects: 3, done.
Counting objects: 100% (3/3), done.
Writing objects: 100% (3/3), 232 bytes | 232.00 KiB/s, done.
Total 3 (delta 0), reused 0 (delta 0), pack-reused 0
To https://github.com/ct-komalikumari/newbranch.git
 * [new branch]      main -> main
branch 'main' set up to track 'origin1/main'.





hello test
